Python(57497) MallocStackLogging: can't turn off malloc stack logging because it was not enabled.
Python(57498) MallocStackLogging: can't turn off malloc stack logging because it was not enabled.
Python(57499) MallocStackLogging: can't turn off malloc stack logging because it was not enabled.
[main 8a0a26d] 新增文章：職業安全衛生工程師證照怎麼考？在工地實際要做什麼
 2 files changed, 355 insertions(+), 1 deletion(-)
 create mode 100644 articles/ehs-engineer-cert-guide/index.html
Python(57502) MallocStackLogging: can't turn off malloc stack logging because it was not enabled.
To https://github.com/step1nework016-eng/step1ne.git
   ce98647..8a0a26d  HEAD -> main
Python(57518) MallocStackLogging: can't turn off malloc stack logging because it was not enabled.
Python(57602) MallocStackLogging: can't turn off malloc stack logging because it was not enabled.
Python(57603) MallocStackLogging: can't turn off malloc stack logging because it was not enabled.
Python(57604) MallocStackLogging: can't turn off malloc stack logging because it was not enabled.
[main a5001a5] 新增文章：半導體廠為什麼一直缺工程專案人才？高科技廠房建置的人力缺口
 2 files changed, 364 insertions(+), 1 deletion(-)
 create mode 100644 articles/semiconductor-project-engineer-shortage/index.html
Python(57607) MallocStackLogging: can't turn off malloc stack logging because it was not enabled.
To https://github.com/step1nework016-eng/step1ne.git
   8a0a26d..a5001a5  HEAD -> main
Python(57622) MallocStackLogging: can't turn off malloc stack logging because it was not enabled.
