[14:44:25] 要修的職缺：4 個
[14:44:35] live-streamer-home：修文案中…
[14:46:22] ✅ live-streamer-home：產出 2 處修正、0 件要人決定
[14:46:24]    套用：成功 2 處
✏️ 直播主　已改 2 處並上線

https://step1ne.com/jobs/live-streamer-home/
[14:46:36] mobile-game-cs-neihu：修文案中…
[14:48:31] ✅ mobile-game-cs-neihu：產出 5 處修正、0 件要人決定
[14:48:34]    套用：成功 5 處
✏️ 遊戲客服（早班／中班）　已改 5 處並上線

https://step1ne.com/jobs/mobile-game-cs-neihu/
[14:49:01] ops-support-engineer-fintech：修文案中…
[14:52:04] ✅ ops-support-engineer-fintech：產出 7 處修正、1 件要人決定
[14:52:26]    套用：成功 7 處
✏️ 維運支援工程師　已改 7 處並上線

🙋 1 件要你決定：
・要不要把「為什麼選擇這個機會」整段移到職缺簡介之後、職缺條件一覽之前？這牽涉搬動整段 HTML，需要你確認排版順序後再動手，避免改壞版面。

https://step1ne.com/jobs/ops-support-engineer-fintech/
[14:52:56] product-assistant-fintech：修文案中…
[14:54:42] ✅ product-assistant-fintech：產出 2 處修正、2 件要人決定
[14:54:45]    套用：成功 2 處
✏️ 產品助理　已改 2 處並上線

🙋 2 件要你決定：
・這個職缺實際上收不收新鮮人？如果真的收，麻煩把 seniority 改成 junior/entry；如果業主其實要找有經驗的人優先，文案裡『
・要不要把『為什麼選擇這個機會』整段搬到工作內容前面？這是版面結構調整，牽涉搬動大段 HTML，這輪只改了文字內容，順序異動需要你確認後再請工

https://step1ne.com/jobs/product-assistant-fintech/
