[09:00:01] ① 逐一稽核＋修文案（同一個職缺一次做完，不分開跑）
backend-engineer-game business-operations-manager cloud-ops-engineer finance-controller-overseas fnb-brand-cs-zhonghe frontend-engineer-game game-phone-cs-zhonghe group-it-head mobile-game-cs-neihu ops-support-engineer-fintech payment-cs-night-zhonghe product-assistant-fintech receptionist-neihu vip-hospitality-attendant executive-assistant-japan-taiwan clinic-nurse-neihu brand-social-video-editor-neihu headhunter-consultant live-streamer-home hakuba-resort-property-manager finance-accounting-insurance-dispatch vip-hospitality-attendant-night bim-engineer-tongluo finance-group-treasury-head-xinyi pending-co_1620c14f-cbe39c49 japan-project-finance-taipei unspecified trainee-engineering-design-engineer engineering-design-engineer-hsinchu semiconductor-site-engineer-hsinchu trainee-semiconductor-project-engineer ehs-engineer-yunlin trainee-ehs-engineer
[09:00:09] backend-engineer-game：稽核中…
[09:02:23] ✅ backend-engineer-game：建議修改／吸引力 2 點、敏感寫法 2 點、必須擋下 1 點
[09:02:24] backend-engineer-game：修文案中…
[09:03:39] ✅ backend-engineer-game：產出 1 處修正、3 件要人決定
[09:03:42]    套用：成功 1 處
✏️ 後端開發工程師（.NET）　已改 1 處並上線

🙋 3 件要你決定：
・請業務或顧問跟業主確認這個職缺實際核薪下限是否達 4 萬元以上：若確定 ≥4 萬，可維持面議並請提供內部薪資下限存查；若可能 <4 萬，請提
・請業務或顧問確認：這個職缺目前是否仍同意對外具名為「遊戲橘子集團」？如果同意，需要同步更新標題、meta 標籤、H1、內文與 FAQ 等多處
・是否需要請工程或版型負責人實際調整頁面結構，把完整版「為什麼選擇這個機會」搬到更前面？若需要，麻煩安排非文案面的頁面改版

https://step1ne.com/jobs/backend-engineer-game/
[09:03:58] business-operations-manager：稽核中…
[09:05:55] ✅ business-operations-manager：建議修改／吸引力 3 點、敏感寫法 0 點、必須擋下 0 點
[09:05:56] business-operations-manager：修文案中…
[09:07:12] ✅ business-operations-manager：產出 4 處修正、1 件要人決定
[09:07:15]    套用：成功 4 處
✏️ 營運發展主管 Business Operations Manager　已改 4 處並上線

🙋 1 件要你決定：
・這次是否要請工程或文案人員手動把『為什麼選擇這個機會』整段搬到『工作內容』之前？搬動大段 HTML 有破壞標籤配對的風險，這次修文案不會自動

https://step1ne.com/jobs/business-operations-manager/
[09:07:24] cloud-ops-engineer：稽核中…
[09:09:44] ✅ cloud-ops-engineer：建議修改／吸引力 2 點、敏感寫法 1 點、必須擋下 0 點
[09:09:45] cloud-ops-engineer：修文案中…
[09:10:09] ✅ cloud-ops-engineer：產出 2 處修正、0 件要人決定
[09:10:11]    套用：成功 2 處
✏️ 雲端維運工程師　已改 2 處並上線

https://step1ne.com/jobs/cloud-ops-engineer/
[09:10:20] finance-controller-overseas：稽核中…
[09:12:00] ✅ finance-controller-overseas：建議修改／吸引力 2 點、敏感寫法 1 點、必須擋下 0 點
[09:12:00] finance-controller-overseas：修文案中…
[09:12:45] ✅ finance-controller-overseas：產出 1 處修正、1 件要人決定
[09:12:47]    套用：成功 1 處
✏️ 財務主管 Finance Controller　已改 1 處並上線

🙋 1 件要你決定：
・請業主或負責顧問確認：返台假是否已經確定為「每3個月8天、特休可折現」這個具體方案？如果是，FAQ那句要改成講明確天數；如果還沒定案，前面那

https://step1ne.com/jobs/finance-controller-overseas/
[09:12:57] fnb-brand-cs-zhonghe：稽核中…
[09:15:30] ✅ fnb-brand-cs-zhonghe：要修文案／吸引力 3 點、敏感寫法 1 點、必須擋下 1 點
[09:15:30] fnb-brand-cs-zhonghe：修文案中…
[09:16:37] ✅ fnb-brand-cs-zhonghe：產出 3 處修正、1 件要人決定
[09:16:40]    套用：成功 3 處
✏️ 餐飲品牌客服　已改 3 處並上線

🙋 1 件要你決定：
・這個職缺要具名到哪個程度？麻煩提供實際餐飲品牌名稱，才能補進標題與內文（例如「遊戲橘子集團旗下○○品牌」）

https://step1ne.com/jobs/fnb-brand-cs-zhonghe/
[09:16:49] frontend-engineer-game：稽核中…
[09:18:34] ✅ frontend-engineer-game：要修文案／吸引力 3 點、敏感寫法 2 點、必須擋下 3 點
[09:18:35] frontend-engineer-game：修文案中…
[09:20:24] ✅ frontend-engineer-game：產出 4 處修正、2 件要人決定
[09:20:27]    套用：成功 4 處
✏️ 前端開發工程師　已改 4 處並上線

🙋 2 件要你決定：
・這個職缺的底薪是否低於新台幣4萬元？若低於4萬，需提供具體金額或區間讓我補上頁面；若確定不低於4萬，可維持面議，但是否要補一個參考區間提升吸
・確認目前是否仍同意在頁面上具名『遊戲橘子集團』？若同意，要在標題／職缺條件／FAQ哪些位置具名？

https://step1ne.com/jobs/frontend-engineer-game/
[09:20:36] game-phone-cs-zhonghe：稽核中…
[09:22:58] ✅ game-phone-cs-zhonghe：建議修改／吸引力 3 點、敏感寫法 2 點、必須擋下 0 點
[09:22:59] game-phone-cs-zhonghe：修文案中…
[09:23:54] ✅ game-phone-cs-zhonghe：產出 2 處修正、1 件要人決定
[09:23:56]    套用：成功 2 處
✏️ 遊戲客服專員（電話／文字客服）　已改 2 處並上線

🙋 1 件要你決定：
・要不要把「為什麼選擇這個機會」整段搬到「應徵條件」前面？如果要，請工程或版面負責人手動搬動並檢查標籤是否配對正確。

https://step1ne.com/jobs/game-phone-cs-zhonghe/
[09:24:04] group-it-head：稽核中…
[09:26:23] ✅ group-it-head：要修文案／吸引力 2 點、敏感寫法 0 點、必須擋下 1 點
[09:26:24] group-it-head：修文案中…
[09:27:41] ✅ group-it-head：產出 1 處修正、1 件要人決定
[09:27:43]    套用：成功 1 處
✏️ 集團資訊主管 Group IT Head　已改 1 處並上線

🙋 1 件要你決定：
・這個職缺實際上是要具名招募還是保密委任？麻煩跟負責顧問確認美德醫療這邊的口徑，再決定要改頁面文字還是改資料庫的 client_named /

https://step1ne.com/jobs/group-it-head/
[09:27:52] mobile-game-cs-neihu：稽核中…
[09:28:43] ✅ mobile-game-cs-neihu：要修文案／吸引力 2 點、敏感寫法 0 點、必須擋下 1 點
[09:28:44] mobile-game-cs-neihu：修文案中…
[09:29:47] ✅ mobile-game-cs-neihu：產出 3 處修正、0 件要人決定
[09:29:49]    套用：成功 3 處
✏️ 遊戲客服（早班／中班）　已改 3 處並上線

https://step1ne.com/jobs/mobile-game-cs-neihu/
[09:29:56] ops-support-engineer-fintech：稽核中…
[09:32:47] ✅ ops-support-engineer-fintech：要修文案／吸引力 3 點、敏感寫法 2 點、必須擋下 3 點
[09:32:47] ops-support-engineer-fintech：修文案中…
[09:34:13] ✅ ops-support-engineer-fintech：產出 6 處修正、2 件要人決定
[09:34:16]    套用：成功 6 處
✏️ 維運工程師　已改 6 處並上線

🙋 2 件要你決定：
・請業主確認此職缺底薪是否確定達新台幣4萬元以上：若確定，請提供具體起薪數字以便加註「面議」；若不確定或可能低於4萬，請提供具體薪資範圍（如3
・是否同意將「為什麼選擇這個機會」整段搬到「工作內容」之前？若同意，請安排工程師手動調整HTML區塊順序，避免自動化取代造成標籤錯位。

https://step1ne.com/jobs/ops-support-engineer-fintech/
[09:34:38] payment-cs-night-zhonghe：稽核中…
[09:35:55] ✅ payment-cs-night-zhonghe：要修文案／吸引力 2 點、敏感寫法 0 點、必須擋下 2 點
[09:35:56] payment-cs-night-zhonghe：修文案中…
[09:36:53] ✅ payment-cs-night-zhonghe：產出 2 處修正、0 件要人決定
[09:36:56]    套用：成功 2 處
✏️ 金流客服　已改 2 處並上線

https://step1ne.com/jobs/payment-cs-night-zhonghe/
[09:37:16] product-assistant-fintech：稽核中…
[09:39:56] ✅ product-assistant-fintech：要修文案／吸引力 3 點、敏感寫法 0 點、必須擋下 1 點
[09:39:56] product-assistant-fintech：修文案中…
[09:41:30] ✅ product-assistant-fintech：產出 4 處修正、2 件要人決定
[09:41:33]    套用：成功 4 處
✏️ 產品助理　已改 4 處並上線

🙋 2 件要你決定：
・這個職缺實際上要不要收新鮮人？如果真的歡迎無經驗新人，麻煩把資料庫seniority改成junior/entry；如果其實要中階經驗，請告訴
・要不要在標題下方插入一段賣點摘要提前？這需要搬動較大段HTML結構，麻煩你確認要不要調整，我才動手避免弄壞排版。

https://step1ne.com/jobs/product-assistant-fintech/
[09:41:49] receptionist-neihu：稽核中…
[09:44:00] ✅ receptionist-neihu：建議修改／吸引力 2 點、敏感寫法 2 點、必須擋下 0 點
[09:44:01] receptionist-neihu：修文案中…
[09:45:14] ✅ receptionist-neihu：產出 6 處修正、1 件要人決定
[09:45:16]    套用：成功 6 處
✏️ 總機接待　已改 6 處並上線

🙋 1 件要你決定：
・現在開頭已經先補一句賣點摘要，這樣夠了，還是要另外排工程把整段落搬到前面？

https://step1ne.com/jobs/receptionist-neihu/
[09:45:25] vip-hospitality-attendant：稽核中…
[09:47:26] ✅ vip-hospitality-attendant：建議修改／吸引力 3 點、敏感寫法 1 點、必須擋下 0 點
[09:47:26] vip-hospitality-attendant：修文案中…
[09:47:50] ✅ vip-hospitality-attendant：產出 3 處修正、1 件要人決定
[09:47:53]    套用：成功 3 處
✏️ VIP貴賓接待服務員　已改 3 處並上線

🙋 1 件要你決定：
・「為什麼選擇這個機會」這個區塊要不要搬到頁面前段？這是版面順序調整，搬動大段HTML容易搬壞標籤配對，需要人工確認並手動調整，麻煩請顧問或工

https://step1ne.com/jobs/vip-hospitality-attendant/
[09:48:02] executive-assistant-japan-taiwan：稽核中…
[09:50:54] ✅ executive-assistant-japan-taiwan：要修文案／吸引力 4 點、敏感寫法 2 點、必須擋下 2 點
[09:50:55] executive-assistant-japan-taiwan：修文案中…
[09:52:33] ✅ executive-assistant-japan-taiwan：產出 6 處修正、1 件要人決定
[09:52:36]    套用：成功 6 處
✏️ 主管特助（日本長野白馬渡假勝地・常駐）　已改 6 處並上線

🙋 1 件要你決定：
・這個職缺業主是否確定要具名？如果要，正式名稱該寫成「日商渡假集團」還是別的名稱？如果不具名，client_named欄位是否要改回0以免之後

https://step1ne.com/jobs/executive-assistant-japan-taiwan/
[09:52:51] clinic-nurse-neihu：稽核中…
[09:55:20] ✅ clinic-nurse-neihu：建議修改／吸引力 3 點、敏感寫法 0 點、必須擋下 0 點
[09:55:20] clinic-nurse-neihu：修文案中…
[09:56:10] ✅ clinic-nurse-neihu：產出 3 處修正、0 件要人決定
[09:56:13]    套用：成功 3 處
✏️ 復健科診所護理師　已改 3 處並上線

https://step1ne.com/jobs/clinic-nurse-neihu/
[09:56:22] brand-social-video-editor-neihu：稽核中…
[09:59:01] ✅ brand-social-video-editor-neihu：要修文案／吸引力 3 點、敏感寫法 1 點、必須擋下 1 點
[09:59:01] brand-social-video-editor-neihu：修文案中…
[10:00:35] ✅ brand-social-video-editor-neihu：產出 8 處修正、2 件要人決定
[10:00:38]    套用：成功 8 處
✏️ 品牌社群影音編輯｜Indian Motorcycle 台灣總代理　已改 8 處並上線

🙋 2 件要你決定：
・這個職缺是否真的要求應徵者具備專科以上學歷？若不要求，我們會從頁面必要條件移除；若確實要求，請補進資料庫 must_skills 欄位，讓兩
・是否要調整「為什麼選擇這個機會」五張卡片的排列順序？如果要，麻煩確認後我們再手動調整版面，避免自動改版弄壞排版標籤。

https://step1ne.com/jobs/brand-social-video-editor-neihu/
[10:00:53] headhunter-consultant：稽核中…
[10:02:46] ✅ headhunter-consultant：建議修改／吸引力 2 點、敏感寫法 0 點、必須擋下 0 點
[10:02:46] headhunter-consultant：修文案中…
[10:03:56] ✅ headhunter-consultant：產出 2 處修正、1 件要人決定
[10:03:58]    套用：成功 2 處
✏️ 獵頭顧問（Recruitment Consultant）　已改 2 處並上線

🙋 1 件要你決定：
・有沒有真實的獎金案例可以放進文案（例如某顧問某個月實際拿到多少獎金、或獎金與底薪的實際倍數）？如果有，請提供具體數字，我才能補進「為什麼選擇

https://step1ne.com/jobs/headhunter-consultant/
[10:04:08] live-streamer-home：稽核中…
[10:06:51] ✅ live-streamer-home：建議修改／吸引力 4 點、敏感寫法 2 點、必須擋下 0 點
[10:06:52] live-streamer-home：修文案中…
[10:08:30] ✅ live-streamer-home：產出 3 處修正、1 件要人決定
[10:08:33]    套用：成功 3 處
✏️ 直播主　已改 3 處並上線

🙋 1 件要你決定：
・這個版面順序改動要不要做？搬動大段 HTML 有弄壞標籤配對的風險，這一輪先不動，麻煩確認要不要排進下一次改版再處理。

https://step1ne.com/jobs/live-streamer-home/
[10:08:43] hakuba-resort-property-manager：稽核中…
[10:11:17] ✅ hakuba-resort-property-manager：要修文案／吸引力 3 點、敏感寫法 0 點、必須擋下 1 點
[10:11:18] hakuba-resort-property-manager：修文案中…
[10:13:30] ✅ hakuba-resort-property-manager：產出 3 處修正、1 件要人決定
[10:13:33]    套用：成功 3 處
✏️ 日本白馬渡假村物業經理／資產營運經理　已改 3 處並上線

🙋 1 件要你決定：
・目前『前面加一段摘要、完整版留在後面』的做法是否足夠，還是要另外排工程把整個區塊搬到工作內容前面？

https://step1ne.com/jobs/hakuba-resort-property-manager/
[10:13:42] finance-accounting-insurance-dispatch：稽核中…
[10:17:49] ✅ finance-accounting-insurance-dispatch：要修文案／吸引力 4 點、敏感寫法 1 點、必須擋下 2 點
[10:17:50] finance-accounting-insurance-dispatch：修文案中…
[10:19:02] ✅ finance-accounting-insurance-dispatch：產出 6 處修正、1 件要人決定
[10:19:04]    套用：成功 6 處
✏️ 財務會計專員｜投資帳務・國營保險集團財務部（15個月專案）　已改 6 處並上線

🙋 1 件要你決定：
・是否要調整這兩段的區塊順序與卡片排序？若要，需要人工或後續版本手動搬移HTML，避免自動化搬動破壞排版。

https://step1ne.com/jobs/finance-accounting-insurance-dispatch/
[10:19:11] vip-hospitality-attendant-night：稽核中…
[10:21:01] ✅ vip-hospitality-attendant-night：要修文案／吸引力 3 點、敏感寫法 1 點、必須擋下 1 點
[10:21:02] vip-hospitality-attendant-night：修文案中…
[10:22:03] ✅ vip-hospitality-attendant-night：產出 4 處修正、0 件要人決定
[10:22:06]    套用：成功 4 處
✏️ VIP貴賓接待服務員（晚班）　已改 4 處並上線

https://step1ne.com/jobs/vip-hospitality-attendant-night/
[10:22:15] bim-engineer-tongluo：稽核中…
[10:24:56] ✅ bim-engineer-tongluo：要修文案／吸引力 5 點、敏感寫法 1 點、必須擋下 2 點
[10:24:56] bim-engineer-tongluo：修文案中…
[10:28:14] ✅ bim-engineer-tongluo：產出 9 處修正、1 件要人決定
[10:28:17]    套用：成功 9 處
✏️ BIM 工程師　已改 9 處並上線

🙋 1 件要你決定：
・要不要真的把「薪資與福利有保障」搬到第2張卡片？這需要移動既有 HTML 區塊順序，這輪先保守只改文字內容沒有搬動，麻煩確認是否要另外處理版

https://step1ne.com/jobs/bim-engineer-tongluo/
[10:28:32] finance-group-treasury-head-xinyi：稽核中…
[10:30:41] ✅ finance-group-treasury-head-xinyi：建議修改／吸引力 3 點、敏感寫法 2 點、必須擋下 0 點
[10:30:42] finance-group-treasury-head-xinyi：修文案中…
[10:31:35] ✅ finance-group-treasury-head-xinyi：產出 3 處修正、0 件要人決定
[10:31:38]    套用：成功 2 處、失敗 1 處
[10:31:38]      ✗ page：頁面原始碼裡找不到那段原文（可能中間夾著 HTML 標籤）
✏️ 集團財務主管 Group Treasury Head　已改 2 處並上線
⚠️ 1 處沒改成功

https://step1ne.com/jobs/finance-group-treasury-head-xinyi/
[10:31:52] pending-co_1620c14f-cbe39c49：稽核中…
[10:32:11] ✅ pending-co_1620c14f-cbe39c49：要修文案／吸引力 0 點、敏感寫法 0 點、必須擋下 1 點
[10:32:12] pending-co_1620c14f-cbe39c49：修文案中…
[10:32:23] ✅ pending-co_1620c14f-cbe39c49：產出 0 處修正、1 件要人決定
[10:32:23]    套用：成功 0 處
✏️ 日本項目財務會計　沒有改動

🙋 1 件要你決定：
・請顧問或文案先撰寫完整職缺內容（工作內容、應徵條件、薪資、地點、福利），並確認 client_named=1 是否已取得業主同意具名揭露公司

https://step1ne.com/jobs/pending-co_1620c14f-cbe39c49/
[10:32:32] japan-project-finance-taipei：稽核中…
[10:35:25] ✅ japan-project-finance-taipei：要修文案／吸引力 3 點、敏感寫法 0 點、必須擋下 2 點
[10:35:26] japan-project-finance-taipei：修文案中…
[10:36:13] ✅ japan-project-finance-taipei：產出 2 處修正、2 件要人決定
[10:36:15]    套用：成功 2 處
✏️ 日本項目財務會計（Finance & Accounting／Project Controller）　已改 2 處並上線

🙋 2 件要你決定：
・55,000元對這個職缺來說，是保證的起薪下限，還是目前在職者的平均薪資、實際可能有人低於此數？
・職缺列表卡片目前顯示的文字是什麼？是否需要另外提供該頁面原始碼一併調整，讓『免日文口語』這個賣點在列表就看得到？

https://step1ne.com/jobs/japan-project-finance-taipei/
[10:36:31] unspecified：稽核中…
[10:36:51] ✅ unspecified：要修文案／吸引力 0 點、敏感寫法 0 點、必須擋下 1 點
[10:36:52] unspecified：修文案中…
[10:37:11] ✅ unspecified：產出 0 處修正、1 件要人決定
[10:37:11]    套用：成功 0 處
✏️ 尚未指定職缺（電洽新增但暫無適合職缺）　沒有改動

🙋 1 件要你決定：
・這筆「尚未指定職缺」的資料，是否只是顧問電洽時的暫記佔位，需要改成草稿/停用狀態不進 open 職缺池？還是已經有實際對應的職缺，需要補上真

https://step1ne.com/jobs/unspecified/
[10:37:21] trainee-engineering-design-engineer：稽核中…
[10:39:28] ✅ trainee-engineering-design-engineer：要修文案／吸引力 4 點、敏感寫法 1 點、必須擋下 3 點
[10:39:28] trainee-engineering-design-engineer：修文案中…
[10:41:19] ✅ trainee-engineering-design-engineer：產出 2 處修正、2 件要人決定
[10:41:21]    套用：成功 2 處
✏️ 培訓工程設計工程師　已改 2 處並上線

🙋 2 件要你決定：
・科系背景是否為錄取的必要門檻？若是，需拿掉「不限科班背景」的說法；若只是加分，需把科系要求從必要條件移到加分條件，並同步更新資料庫 must
・是否要調整頁面區塊順序，把誘因段落移到應徵條件之前？若要調整，請交給熟悉頁面結構的人處理，避免手動搬動破壞 HTML 標籤配對。

https://step1ne.com/jobs/trainee-engineering-design-engineer/
[10:41:37] engineering-design-engineer-hsinchu：稽核中…
[10:44:36] ✅ engineering-design-engineer-hsinchu：要修文案／吸引力 3 點、敏感寫法 1 點、必須擋下 1 點
[10:44:37] engineering-design-engineer-hsinchu：修文案中…
[10:45:35] ✅ engineering-design-engineer-hsinchu：產出 6 處修正、1 件要人決定
[10:45:38]    套用：成功 6 處
✏️ 資深工程設計工程師　已改 6 處並上線

🙋 1 件要你決定：
・要不要請網站端把「為什麼選擇這個機會」整段搬到工作內容之前，讓候選人先看到福利再看條件？

https://step1ne.com/jobs/engineering-design-engineer-hsinchu/
[10:45:47] semiconductor-site-engineer-hsinchu：稽核中…
[10:48:47] ✅ semiconductor-site-engineer-hsinchu：要修文案／吸引力 3 點、敏感寫法 0 點、必須擋下 2 點
[10:48:47] semiconductor-site-engineer-hsinchu：修文案中…
[10:50:40] ✅ semiconductor-site-engineer-hsinchu：產出 9 處修正、1 件要人決定
[10:50:42]    套用：成功 9 處
✏️ 資深半導體專案工程師　已改 9 處並上線

🙋 1 件要你決定：
・這一輪只修文字內容、沒有搬動HTML區塊順序（搬動大段HTML容易弄壞標籤配對），要不要另外排工程調整頁面段落順序？

https://step1ne.com/jobs/semiconductor-site-engineer-hsinchu/
[10:50:53] trainee-semiconductor-project-engineer：稽核中…
[10:54:25] ✅ trainee-semiconductor-project-engineer：要修文案／吸引力 4 點、敏感寫法 2 點、必須擋下 3 點
[10:54:26] trainee-semiconductor-project-engineer：修文案中…
[10:55:26] ✅ trainee-semiconductor-project-engineer：產出 4 處修正、2 件要人決定
[10:55:28]    套用：成功 4 處
✏️ 培訓半導體專案工程師　已改 4 處並上線

🙋 2 件要你決定：
・這個科系背景限制是否為業主的硬性必要條件？若是，請同步補進資料庫 must_skills；若不是，請確認可否降為加分條件或改寫成「相關科系尤
・是否要請人工把「為什麼選擇這個機會」整段搬到應徵條件之前，還是目前加的開頭一行重點已經足夠？

https://step1ne.com/jobs/trainee-semiconductor-project-engineer/
[10:55:38] ehs-engineer-yunlin：稽核中…
[10:58:21] ✅ ehs-engineer-yunlin：要修文案／吸引力 4 點、敏感寫法 1 點、必須擋下 2 點
[10:58:22] ehs-engineer-yunlin：修文案中…
[10:59:45] ✅ ehs-engineer-yunlin：產出 9 處修正、0 件要人決定
[10:59:47]    套用：成功 9 處
✏️ 資深職業安全衛生工程師　已改 9 處並上線

https://step1ne.com/jobs/ehs-engineer-yunlin/
[10:59:56] trainee-ehs-engineer：稽核中…
[11:02:17] ✅ trainee-ehs-engineer：要修文案／吸引力 2 點、敏感寫法 1 點、必須擋下 3 點
[11:02:18] trainee-ehs-engineer：修文案中…
[11:03:20] ✅ trainee-ehs-engineer：產出 4 處修正、0 件要人決定
[11:03:23]    套用：成功 4 處
✏️ 培訓職業安全衛生工程師　已改 4 處並上線

https://step1ne.com/jobs/trainee-ehs-engineer/
[11:03:24] ③ 等頁面部署完成
[11:04:54] ④ 只驗證剛才改過的那幾個（不要全部重跑，那會多花一小時）
[11:04:55] 　驗證 backend-engineer-game
[11:05:02] backend-engineer-game：稽核中…
[11:07:59] ✅ backend-engineer-game：要修文案／吸引力 4 點、敏感寫法 1 點、必須擋下 1 點
[11:07:59] 　驗證 bim-engineer-tongluo
[11:08:15] bim-engineer-tongluo：稽核中…
[11:11:07] ✅ bim-engineer-tongluo：要修文案／吸引力 3 點、敏感寫法 1 點、必須擋下 1 點
[11:11:07] 　驗證 brand-social-video-editor-neihu
[11:11:27] brand-social-video-editor-neihu：稽核中…
[11:14:02] ✅ brand-social-video-editor-neihu：建議修改／吸引力 3 點、敏感寫法 2 點、必須擋下 0 點
[11:14:02] 　驗證 business-operations-manager
[11:14:10] business-operations-manager：稽核中…
