[09:00:00] ① 逐一稽核＋修文案（同一個職缺一次做完，不分開跑）
backend-engineer-game business-operations-manager cloud-ops-engineer finance-controller-overseas fnb-brand-cs-zhonghe frontend-engineer-game game-phone-cs-zhonghe group-it-head mobile-game-cs-neihu ops-support-engineer-fintech payment-cs-night-zhonghe product-assistant-fintech receptionist-neihu vip-hospitality-attendant executive-assistant-japan-taiwan clinic-nurse-neihu brand-social-video-editor-neihu headhunter-consultant live-streamer-home hakuba-resort-property-manager finance-accounting-insurance-dispatch ehs-engineer-yunlin vip-hospitality-attendant-night semiconductor-site-engineer-hsinchu engineering-design-engineer-hsinchu bim-engineer-tongluo finance-group-treasury-head-xinyi pending-co_1620c14f-cbe39c49
[09:00:19] backend-engineer-game：稽核中…
[09:02:42] ✅ backend-engineer-game：建議修改／吸引力 3 點、敏感寫法 2 點、必須擋下 0 點
[09:02:59] backend-engineer-game：修文案中…
[09:06:30] ✅ backend-engineer-game：產出 9 處修正、0 件要人決定
[09:06:33]    套用：成功 9 處
✏️ 後端開發工程師　已改 9 處並上線

https://step1ne.com/jobs/backend-engineer-game/
[09:06:46] business-operations-manager：稽核中…
[09:08:41] ✅ business-operations-manager：建議修改／吸引力 3 點、敏感寫法 0 點、必須擋下 0 點
[09:08:58] business-operations-manager：修文案中…
[09:10:21] ✅ business-operations-manager：產出 4 處修正、0 件要人決定
[09:10:23]    套用：成功 4 處
✏️ 營運發展主管 Business Operations Manager　已改 4 處並上線

https://step1ne.com/jobs/business-operations-manager/
[09:10:33] cloud-ops-engineer：稽核中…
[09:14:07] ✅ cloud-ops-engineer：建議修改／吸引力 3 點、敏感寫法 1 點、必須擋下 0 點
[09:14:23] cloud-ops-engineer：修文案中…
[09:17:21] ✅ cloud-ops-engineer：產出 10 處修正、1 件要人決定
[09:17:24]    套用：成功 10 處
✏️ 雲端維運工程師　已改 10 處並上線

🙋 1 件要你決定：
・要不要把「為什麼選擇這個機會」整個 section 搬到職缺條件一覽之前？這牽涉搬動大段 HTML，容易把標籤配對弄壞，麻煩請人工執行並檢查

https://step1ne.com/jobs/cloud-ops-engineer/
[09:17:34] finance-controller-overseas：稽核中…
[09:20:35] ✅ finance-controller-overseas：要修文案／吸引力 3 點、敏感寫法 1 點、必須擋下 3 點
[09:20:51] finance-controller-overseas：修文案中…
[09:23:33] ✅ finance-controller-overseas：產出 3 處修正、4 件要人決定
[09:23:36]    套用：成功 3 處
✏️ 財務主管 Finance Controller（柬埔寨長期外派）　已改 3 處並上線

🙋 4 件要你決定：
・這個職缺實際的月薪／年薪範圍是多少？請確認後，我會同步更新資料庫 salary_min/salary_max 與頁面上兩處薪資敘述，讓三個數
・這個職缺可以在頁面上具名寫出「美德醫療（美德相邦集團）」嗎？如果可以，我會把客戶名稱加進頁面；如果不行，請告知我改回資料庫的 client_
・「美德相邦集團」這次實際開缺的是哪個子公司、屬於什麼產業（例如醫療器材製造、還是紡織成衣）？請確認後我會統一頁面上的產業描述文字。
・…還有 1 件

https://step1ne.com/jobs/finance-controller-overseas/
[09:23:46] fnb-brand-cs-zhonghe：稽核中…
[09:26:22] ✅ fnb-brand-cs-zhonghe：要修文案／吸引力 3 點、敏感寫法 2 點、必須擋下 1 點
[09:26:39] fnb-brand-cs-zhonghe：修文案中…
[09:28:45] ✅ fnb-brand-cs-zhonghe：產出 5 處修正、2 件要人決定
[09:28:48]    套用：成功 5 處
✏️ 餐飲品牌客服　已改 5 處並上線

🙋 2 件要你決定：
・這個職缺的1年客服經驗，是投遞的必要門檻，還是只影響起薪（33K／35K）的加分條件？請確認後我才能同步改 years_min 欄位跟頁面文
・這個職缺的休假是固定週休二日，還是需要配合排班（含假日出勤）？

https://step1ne.com/jobs/fnb-brand-cs-zhonghe/
[09:28:58] frontend-engineer-game：稽核中…
[09:31:25] ✅ frontend-engineer-game：建議修改／吸引力 2 點、敏感寫法 1 點、必須擋下 0 點
[09:31:40] frontend-engineer-game：修文案中…
[09:32:53] ✅ frontend-engineer-game：產出 2 處修正、0 件要人決定
[09:32:56]    套用：成功 2 處
✏️ 前端開發工程師　已改 2 處並上線

https://step1ne.com/jobs/frontend-engineer-game/
[09:33:05] game-phone-cs-zhonghe：稽核中…
[09:36:18] ✅ game-phone-cs-zhonghe：要修文案／吸引力 3 點、敏感寫法 3 點、必須擋下 2 點
[09:36:34] game-phone-cs-zhonghe：修文案中…
[09:38:18] ✅ game-phone-cs-zhonghe：產出 5 處修正、3 件要人決定
[09:38:21]    套用：成功 4 處、失敗 1 處
[09:38:21]      ✗ db:salary_min：這個欄位不開放自動改（只開放 10 個對外文案欄位）
✏️ 遊戲電話客服（早班／晚班）　已改 4 處並上線
⚠️ 1 處沒改成功

🙋 3 件要你決定：
・這個職缺頁是否要具名寫出『遊戲橘子集團』？還是資料庫的 client_named 應該改回不具名（0），維持匿名處理？
・是否要調整頁面段落順序，把『為什麼選擇這個機會』搬到『早班還是晚班？還有要不要遠距』之前？
・是否要調整職缺頁最上方標籤的排列順序？

https://step1ne.com/jobs/game-phone-cs-zhonghe/
[09:38:31] group-it-head：稽核中…
[09:41:17] ✅ group-it-head：要修文案／吸引力 2 點、敏感寫法 0 點、必須擋下 2 點
[09:41:30] group-it-head：修文案中…
[09:42:53] ✅ group-it-head：產出 2 處修正、3 件要人決定
[09:42:56]    套用：成功 2 處
✏️ 集團資訊主管 Group IT Head　已改 2 處並上線

🙋 3 件要你決定：
・請顧問確認業主實際產業別（是否為醫療器材、生技製造，或本來就是傳統製造業只是公司名稱剛好帶「醫療」二字），以便文案裡的產業描述與加分條件正確
・請顧問確認業主是否同意具名刊登：若同意，需在文案中補上公司名稱；若業主其實要求匿名，需把資料庫 confidential_client 改回
・請人工手動把「為什麼選擇這個機會」整個 <section> 搬到「應徵條件」的 <section> 前面，並確認搬動後標籤沒有破損。

https://step1ne.com/jobs/group-it-head/
[09:43:05] mobile-game-cs-neihu：稽核中…
[09:45:17] ✅ mobile-game-cs-neihu：要修文案／吸引力 2 點、敏感寫法 1 點、必須擋下 1 點
[09:45:33] mobile-game-cs-neihu：修文案中…
[09:46:57] ✅ mobile-game-cs-neihu：產出 3 處修正、1 件要人決定
[09:47:00]    套用：成功 3 處
✏️ 遊戲客服（早班／中班）　已改 3 處並上線

🙋 1 件要你決定：
・這個職缺實際上收不收無經驗的人？如果收，資料庫的 years_min 要改成 0、seniority 改成 junior/entry；如果其

https://step1ne.com/jobs/mobile-game-cs-neihu/
[09:47:10] ops-support-engineer-fintech：稽核中…
[09:49:45] ✅ ops-support-engineer-fintech：要修文案／吸引力 2 點、敏感寫法 2 點、必須擋下 1 點
[09:50:02] ops-support-engineer-fintech：修文案中…
[09:50:57] ✅ ops-support-engineer-fintech：產出 2 處修正、0 件要人決定
[09:51:00]    套用：成功 2 處
✏️ 維運工程師　已改 2 處並上線

https://step1ne.com/jobs/ops-support-engineer-fintech/
[09:51:10] payment-cs-night-zhonghe：稽核中…
[09:53:57] ✅ payment-cs-night-zhonghe：要修文案／吸引力 3 點、敏感寫法 1 點、必須擋下 1 點
[09:54:14] payment-cs-night-zhonghe：修文案中…
[09:55:39] ✅ payment-cs-night-zhonghe：產出 3 處修正、1 件要人決定
[09:55:41]    套用：成功 3 處
✏️ 金流客服　已改 3 處並上線

🙋 1 件要你決定：
・這個職缺（金流客服／中和／遊戲橘子集團）業主到底同不同意在職缺頁具名揭露？請跟負責顧問或業主確認後再決定要補品牌名稱還是修正資料庫保密設定。

https://step1ne.com/jobs/payment-cs-night-zhonghe/
[09:55:52] product-assistant-fintech：稽核中…
[09:58:19] ✅ product-assistant-fintech：建議修改／吸引力 3 點、敏感寫法 2 點、必須擋下 0 點
[09:58:30] product-assistant-fintech：修文案中…
[10:00:05] ✅ product-assistant-fintech：產出 4 處修正、1 件要人決定
[10:00:08]    套用：成功 4 處
✏️ 產品助理　已改 4 處並上線

🙋 1 件要你決定：
・這個職缺頁要不要把業主名稱『遊戲橘子集團』直接寫出來，還是要維持現在的匿名寫法（可能是後來改口徑但資料庫沒同步更新）？

https://step1ne.com/jobs/product-assistant-fintech/
[10:00:19] receptionist-neihu：稽核中…
[10:02:33] ✅ receptionist-neihu：建議修改／吸引力 2 點、敏感寫法 1 點、必須擋下 0 點
[10:02:49] receptionist-neihu：修文案中…
[10:03:55] ✅ receptionist-neihu：產出 7 處修正、0 件要人決定
[10:03:58]    套用：成功 7 處
✏️ 總機接待　已改 7 處並上線

https://step1ne.com/jobs/receptionist-neihu/
[10:04:08] vip-hospitality-attendant：稽核中…
[10:07:12] ✅ vip-hospitality-attendant：要修文案／吸引力 2 點、敏感寫法 1 點、必須擋下 2 點
[10:07:28] vip-hospitality-attendant：修文案中…
[10:08:59] ✅ vip-hospitality-attendant：產出 2 處修正、2 件要人決定
[10:09:01]    套用：成功 2 處
✏️ VIP貴賓接待服務員（日班）　已改 2 處並上線

🙋 2 件要你決定：
・麻煩負責顧問手動登入 104 後台，把這則刊登的薪資改成 35,000–50,000，並補上「無經驗 35,000 起談、有經驗 40,00
・麻煩跟業主確認這個招待所的實際性質與服務內容（例如是否類似五星級飯店貴賓廳／高端會館接待），確認正確措辭後由顧問補一句明確定位到「開頭」或「

https://step1ne.com/jobs/vip-hospitality-attendant/
[10:09:11] executive-assistant-japan-taiwan：稽核中…
[10:12:04] ✅ executive-assistant-japan-taiwan：要修文案／吸引力 3 點、敏感寫法 3 點、必須擋下 3 點
[10:12:20] executive-assistant-japan-taiwan：修文案中…
[10:14:05] ✅ executive-assistant-japan-taiwan：產出 6 處修正、1 件要人決定
[10:14:08]    套用：成功 6 處
✏️ 主管特助（日本常駐）　已改 6 處並上線

🙋 1 件要你決定：
・1/1 是業主確定的到職目標日，還是舊資料尚未清空？如果是確定的，對外文案要改成「希望 O 年 1 月 1 日前到職」；如果還沒定案，麻煩把

https://step1ne.com/jobs/executive-assistant-japan-taiwan/
[10:14:17] clinic-nurse-neihu：稽核中…
[10:17:06] ✅ clinic-nurse-neihu：要修文案／吸引力 3 點、敏感寫法 1 點、必須擋下 2 點
[10:17:22] clinic-nurse-neihu：修文案中…
[10:20:42] ✅ clinic-nurse-neihu：產出 6 處修正、0 件要人決定
[10:21:01]    套用：成功 6 處
✏️ 復健科診所護理師　已改 6 處並上線

https://step1ne.com/jobs/clinic-nurse-neihu/
[10:21:23] brand-social-video-editor-neihu：稽核中…
[10:23:52] ✅ brand-social-video-editor-neihu：建議修改／吸引力 2 點、敏感寫法 0 點、必須擋下 0 點
[10:24:26] brand-social-video-editor-neihu：修文案中…
[10:25:45] ✅ brand-social-video-editor-neihu：產出 2 處修正、0 件要人決定
[10:25:48]    套用：成功 2 處
✏️ 品牌社群影音編輯　已改 2 處並上線

https://step1ne.com/jobs/brand-social-video-editor-neihu/
[10:26:19] headhunter-consultant：稽核中…
[10:28:27] ✅ headhunter-consultant：建議修改／吸引力 3 點、敏感寫法 0 點、必須擋下 0 點
[10:28:44] headhunter-consultant：修文案中…
[10:30:06] ✅ headhunter-consultant：產出 3 處修正、0 件要人決定
[10:30:09]    套用：成功 3 處
✏️ 獵頭顧問（Recruitment Consultant）　已改 3 處並上線

https://step1ne.com/jobs/headhunter-consultant/
[10:30:18] live-streamer-home：稽核中…
[10:32:58] ✅ live-streamer-home：建議修改／吸引力 2 點、敏感寫法 2 點、必須擋下 0 點
[10:33:14] live-streamer-home：修文案中…
[10:35:37] ✅ live-streamer-home：產出 1 處修正、1 件要人決定
[10:35:41]    套用：成功 1 處
✏️ 直播主　已改 1 處並上線

🙋 1 件要你決定：
・要不要把『為什麼選擇這個機會』整段搬到職缺條件表格前面？如果要搬，麻煩請工程或熟悉頁面 HTML 的人動版面順序，這裡先只調整了開頭段落內的

https://step1ne.com/jobs/live-streamer-home/
[10:35:55] hakuba-resort-property-manager：稽核中…
[10:39:24] ✅ hakuba-resort-property-manager：建議修改／吸引力 3 點、敏感寫法 2 點、必須擋下 0 點
[10:39:39] hakuba-resort-property-manager：修文案中…
[10:41:00] ✅ hakuba-resort-property-manager：產出 3 處修正、1 件要人決定
[10:41:04]    套用：成功 2 處、失敗 1 處
[10:41:04]      ✗ db:employment：這個欄位不開放自動改（只開放 10 個對外文案欄位）
✏️ 物業經理／資產營運經理（日本白馬渡假村）　已改 2 處並上線
⚠️ 1 處沒改成功

🙋 1 件要你決定：
・這一版要不要把「為什麼選擇這個機會」整段搬到「職缺條件一覽」前面？這是搬動大段 HTML 版面的改動，需要人工確認並手動調整，不由文案 ag

https://step1ne.com/jobs/hakuba-resort-property-manager/
[10:41:40] finance-accounting-insurance-dispatch：稽核中…
[10:44:35] ✅ finance-accounting-insurance-dispatch：建議修改／吸引力 2 點、敏感寫法 2 點、必須擋下 0 點
[10:45:08] finance-accounting-insurance-dispatch：修文案中…
[10:46:45] ✅ finance-accounting-insurance-dispatch：產出 1 處修正、1 件要人決定
[10:46:49]    套用：成功 1 處
✏️ 財務會計專員｜投資帳務・國營保險集團財務部（15個月專案）　已改 1 處並上線

🙋 1 件要你決定：
・是否要調整職缺頁徽章列與副標的呈現順序（把派遣／定期約後移，職務內容與薪資前移）？這屬於版面呈現決定，需要人工確認後再動手，以免調動標籤時弄

https://step1ne.com/jobs/finance-accounting-insurance-dispatch/
[10:47:16] ehs-engineer-yunlin：稽核中…
[10:50:23] ✅ ehs-engineer-yunlin：建議修改／吸引力 4 點、敏感寫法 2 點、必須擋下 1 點
[10:50:48] ehs-engineer-yunlin：修文案中…
[10:52:56] ✅ ehs-engineer-yunlin：產出 4 處修正、0 件要人決定
[10:52:59]    套用：成功 3 處、失敗 1 處
[10:52:59]      ✗ page：頁面原始碼裡找不到那段原文（可能中間夾著 HTML 標籤）
✏️ 資深職業安全衛生工程師　已改 3 處並上線
⚠️ 1 處沒改成功

https://step1ne.com/jobs/ehs-engineer-yunlin/
[10:53:11] vip-hospitality-attendant-night：稽核中…
[10:56:31] ✅ vip-hospitality-attendant-night：要修文案／吸引力 3 點、敏感寫法 1 點、必須擋下 2 點
[10:56:51] vip-hospitality-attendant-night：修文案中…
[10:58:15] ✅ vip-hospitality-attendant-night：產出 2 處修正、1 件要人決定
[10:58:18]    套用：成功 2 處
✏️ VIP貴賓接待服務員（晚班）　已改 2 處並上線

🙋 1 件要你決定：
・請負責顧問登入104後台，將本職缺薪資範圍改成35,000–50,000元，並加註『無經驗35,000起談、有經驗40,000起談』的級距說

https://step1ne.com/jobs/vip-hospitality-attendant-night/
[10:58:28] semiconductor-site-engineer-hsinchu：稽核中…
[11:00:38] ✅ semiconductor-site-engineer-hsinchu：建議修改／吸引力 3 點、敏感寫法 2 點、必須擋下 1 點
[11:00:56] semiconductor-site-engineer-hsinchu：修文案中…
[11:03:15] ✅ semiconductor-site-engineer-hsinchu：產出 8 處修正、0 件要人決定
[11:03:37]    套用：成功 8 處
✏️ 資深半導體專案現場工程師　已改 8 處並上線

https://step1ne.com/jobs/semiconductor-site-engineer-hsinchu/
[11:03:50] engineering-design-engineer-hsinchu：稽核中…
[11:05:49] ✅ engineering-design-engineer-hsinchu：建議修改／吸引力 2 點、敏感寫法 2 點、必須擋下 0 點
[11:06:11] engineering-design-engineer-hsinchu：修文案中…
[11:07:17] ✅ engineering-design-engineer-hsinchu：產出 2 處修正、0 件要人決定
[11:07:20]    套用：成功 2 處
✏️ 資深工程設計工程師　已改 2 處並上線

https://step1ne.com/jobs/engineering-design-engineer-hsinchu/
[11:07:30] bim-engineer-tongluo：稽核中…
[11:10:57] ✅ bim-engineer-tongluo：要修文案／吸引力 4 點、敏感寫法 2 點、必須擋下 1 點
[11:11:15] bim-engineer-tongluo：修文案中…
[11:13:18] ✅ bim-engineer-tongluo：產出 7 處修正、0 件要人決定
[11:13:22]    套用：成功 7 處
✏️ BIM 工程師　已改 7 處並上線

https://step1ne.com/jobs/bim-engineer-tongluo/
[11:13:32] finance-group-treasury-head-xinyi：稽核中…
[11:16:28] ✅ finance-group-treasury-head-xinyi：建議修改／吸引力 4 點、敏感寫法 1 點、必須擋下 0 點
[11:16:46] finance-group-treasury-head-xinyi：修文案中…
[11:21:49] ✅ finance-group-treasury-head-xinyi：產出 15 處修正、0 件要人決定
[11:22:06]    套用：成功 15 處
✏️ 集團財務主管 Group Treasury Head（台北信義・總部常駐）　已改 15 處並上線

https://step1ne.com/jobs/finance-group-treasury-head-xinyi/
[11:22:17] pending-co_1620c14f-cbe39c49：稽核中…
[11:22:47] ✅ pending-co_1620c14f-cbe39c49：要修文案／吸引力 0 點、敏感寫法 0 點、必須擋下 0 點
[11:23:02] pending-co_1620c14f-cbe39c49：稽核沒抓到要改的東西
[11:23:02] ③ 等頁面部署完成
[11:24:32] ④ 只驗證剛才改過的那幾個（不要全部重跑，那會多花一小時）
[11:24:46] 　驗證 backend-engineer-game
[11:24:55] backend-engineer-game：稽核中…
[11:28:05] ✅ backend-engineer-game：建議修改／吸引力 2 點、敏感寫法 1 點、必須擋下 0 點
[11:28:06] 　驗證 bim-engineer-tongluo
[11:28:17] bim-engineer-tongluo：稽核中…
[11:31:01] ✅ bim-engineer-tongluo：要修文案／吸引力 3 點、敏感寫法 2 點、必須擋下 1 點
[11:31:01] 　驗證 brand-social-video-editor-neihu
[11:31:09] brand-social-video-editor-neihu：稽核中…
[11:33:34] ✅ brand-social-video-editor-neihu：建議修改／吸引力 2 點、敏感寫法 1 點、必須擋下 0 點
[11:33:35] 　驗證 business-operations-manager
[11:33:46] business-operations-manager：稽核中…
[11:36:00] ✅ business-operations-manager：建議修改／吸引力 2 點、敏感寫法 1 點、必須擋下 0 點
[11:36:00] 　驗證 clinic-nurse-neihu
[11:36:08] clinic-nurse-neihu：稽核中…
[11:36:12] ❌ clinic-nurse-neihu：沒有產出。回覆開頭：You've hit your session limit · resets 1:20pm (Asia/Taipei)

[11:36:12] 　驗證 cloud-ops-engineer
[11:36:19] cloud-ops-engineer：稽核中…
[11:36:21] ❌ cloud-ops-engineer：沒有產出。回覆開頭：You've hit your session limit · resets 1:20pm (Asia/Taipei)

[11:36:21] 　驗證 ehs-engineer-yunlin
[11:36:32] ehs-engineer-yunlin：稽核中…
[11:36:34] ❌ ehs-engineer-yunlin：沒有產出。回覆開頭：You've hit your session limit · resets 1:20pm (Asia/Taipei)

[11:36:34] 　驗證 engineering-design-engineer-hsinchu
[11:36:42] engineering-design-engineer-hsinchu：稽核中…
[11:36:45] ❌ engineering-design-engineer-hsinchu：沒有產出。回覆開頭：You've hit your session limit · resets 1:20pm (Asia/Taipei)

[11:36:45] 　驗證 executive-assistant-japan-taiwan
[11:37:12] executive-assistant-japan-taiwan：稽核中…
[11:37:15] ❌ executive-assistant-japan-taiwan：沒有產出。回覆開頭：You've hit your session limit · resets 1:20pm (Asia/Taipei)

[11:37:15] 　驗證 finance-accounting-insurance-dispatch
[11:37:24] finance-accounting-insurance-dispatch：稽核中…
[11:37:27] ❌ finance-accounting-insurance-dispatch：沒有產出。回覆開頭：You've hit your session limit · resets 1:20pm (Asia/Taipei)

[11:37:27] 　驗證 finance-controller-overseas
[11:37:35] finance-controller-overseas：稽核中…
[11:37:37] ❌ finance-controller-overseas：沒有產出。回覆開頭：You've hit your session limit · resets 1:20pm (Asia/Taipei)

[11:37:37] 　驗證 finance-group-treasury-head-xinyi
[11:37:45] finance-group-treasury-head-xinyi：稽核中…
[11:37:47] ❌ finance-group-treasury-head-xinyi：沒有產出。回覆開頭：You've hit your session limit · resets 1:20pm (Asia/Taipei)

[11:37:48] 　驗證 fnb-brand-cs-zhonghe
[11:37:58] fnb-brand-cs-zhonghe：稽核中…
[11:38:00] ❌ fnb-brand-cs-zhonghe：沒有產出。回覆開頭：You've hit your session limit · resets 1:20pm (Asia/Taipei)

[11:38:00] 　驗證 frontend-engineer-game
[11:38:08] frontend-engineer-game：稽核中…
[11:38:11] ❌ frontend-engineer-game：沒有產出。回覆開頭：You've hit your session limit · resets 1:20pm (Asia/Taipei)

[11:38:11] 　驗證 game-phone-cs-zhonghe
[11:38:20] game-phone-cs-zhonghe：稽核中…
[11:38:22] ❌ game-phone-cs-zhonghe：沒有產出。回覆開頭：You've hit your session limit · resets 1:20pm (Asia/Taipei)

[11:38:22] 　驗證 group-it-head
[11:38:30] group-it-head：稽核中…
[11:38:33] ❌ group-it-head：沒有產出。回覆開頭：You've hit your session limit · resets 1:20pm (Asia/Taipei)

[11:38:33] 　驗證 hakuba-resort-property-manager
[11:38:40] hakuba-resort-property-manager：稽核中…
[11:38:43] ❌ hakuba-resort-property-manager：沒有產出。回覆開頭：You've hit your session limit · resets 1:20pm (Asia/Taipei)

[11:38:43] 　驗證 headhunter-consultant
[11:38:49] headhunter-consultant：稽核中…
[11:38:52] ❌ headhunter-consultant：沒有產出。回覆開頭：You've hit your session limit · resets 1:20pm (Asia/Taipei)

[11:38:52] 　驗證 live-streamer-home
[11:38:59] live-streamer-home：稽核中…
[11:39:01] ❌ live-streamer-home：沒有產出。回覆開頭：You've hit your session limit · resets 1:20pm (Asia/Taipei)

[11:39:01] 　驗證 mobile-game-cs-neihu
[11:39:09] mobile-game-cs-neihu：稽核中…
[11:39:11] ❌ mobile-game-cs-neihu：沒有產出。回覆開頭：You've hit your session limit · resets 1:20pm (Asia/Taipei)

[11:39:11] 　驗證 ops-support-engineer-fintech
[11:39:19] ops-support-engineer-fintech：稽核中…
[11:39:22] ❌ ops-support-engineer-fintech：沒有產出。回覆開頭：You've hit your session limit · resets 1:20pm (Asia/Taipei)

[11:39:22] 　驗證 payment-cs-night-zhonghe
[11:39:30] payment-cs-night-zhonghe：稽核中…
[11:39:34] ❌ payment-cs-night-zhonghe：沒有產出。回覆開頭：You've hit your session limit · resets 1:20pm (Asia/Taipei)

[11:39:34] 　驗證 product-assistant-fintech
[11:39:46] product-assistant-fintech：稽核中…
[11:39:49] ❌ product-assistant-fintech：沒有產出。回覆開頭：You've hit your session limit · resets 1:20pm (Asia/Taipei)

[11:39:49] 　驗證 receptionist-neihu
[11:39:59] receptionist-neihu：稽核中…
[11:40:01] ❌ receptionist-neihu：沒有產出。回覆開頭：You've hit your session limit · resets 1:20pm (Asia/Taipei)

[11:40:01] 　驗證 semiconductor-site-engineer-hsinchu
[11:40:09] semiconductor-site-engineer-hsinchu：稽核中…
[11:40:11] ❌ semiconductor-site-engineer-hsinchu：沒有產出。回覆開頭：You've hit your session limit · resets 1:20pm (Asia/Taipei)

[11:40:11] 　驗證 vip-hospitality-attendant
[11:40:19] vip-hospitality-attendant：稽核中…
[11:40:22] ❌ vip-hospitality-attendant：沒有產出。回覆開頭：You've hit your session limit · resets 1:20pm (Asia/Taipei)

[11:40:22] 　驗證 vip-hospitality-attendant-night
[11:40:30] vip-hospitality-attendant-night：稽核中…
[11:40:32] ❌ vip-hospitality-attendant-night：沒有產出。回覆開頭：You've hit your session limit · resets 1:20pm (Asia/Taipei)

[11:40:32] 完成，紀錄在 /Users/user/工作流程技能包/step1ne-recruit/logs/job_copy_loop-2026-08-31.log
