[09:00:00] ① 逐一稽核＋修文案（同一個職缺一次做完，不分開跑）
[10:17:11] ③ 等頁面部署完成
[10:18:41] ④ 只驗證剛才改過的那幾個（不要全部重跑，那會多花一小時）
[10:18:46] 　驗證 backend-engineer-game
[10:18:58] 　驗證 bim-engineer
[10:19:09] 　驗證 brand-social-video-editor-neihu
[10:19:19] 　驗證 business-operations-manager
[10:19:30] 　驗證 clinic-nurse-neihu
[10:19:40] 　驗證 cloud-ops-engineer
[10:19:50] 　驗證 executive-assistant-japan-taiwan
[10:20:01] 　驗證 finance-controller-overseas
[10:20:11] 　驗證 fnb-brand-cs-zhonghe
[10:20:22] 　驗證 frontend-engineer-game
[10:20:32] 　驗證 game-phone-cs-zhonghe
[10:20:43] 　驗證 group-it-head
[10:20:53] 　驗證 mobile-game-cs-neihu
[10:21:04] 　驗證 ops-support-engineer-fintech
[10:21:14] 　驗證 payment-cs-night-zhonghe
[10:21:24] 　驗證 product-assistant-fintech
[10:21:35] 　驗證 receptionist-neihu
[10:21:45] 　驗證 vip-hospitality-attendant
[10:21:56] 完成，紀錄在 /Users/user/工作流程技能包/step1ne-recruit/logs/job_copy_loop-2026-08-24.log
