[CRITICAL_STALE → thread 2855]
🔴 CRITICAL_STALE｜張博州｜BIM工程師（派遣・大型建廠專案）
卡在 AWAITING_CLIENT_FEEDBACK 已 18 天，聯絡窗口缺失，需要人工先找到人再跟進
owner：同事

[OWNER_DECISION_REQUIRED → thread 2855]
🙋 OWNER_DECISION_REQUIRED｜張博州
客戶「律准科技、帆宣系統科技（同一批建廠需求的兩家用人單位）」在系統裡沒有任何已驗證聯絡窗口，無法自動產生跟進草稿，需要人工先確認要找誰跟進。

[CRITICAL_STALE → thread 2855]
🔴 CRITICAL_STALE｜呂皓宇｜BIM工程師（派遣・大型建廠專案）
卡在 AWAITING_CLIENT_FEEDBACK 已 18 天，聯絡窗口缺失，需要人工先找到人再跟進
owner：同事

[OWNER_DECISION_REQUIRED → thread 2855]
🙋 OWNER_DECISION_REQUIRED｜呂皓宇
客戶「律准科技、帆宣系統科技（同一批建廠需求的兩家用人單位）」在系統裡沒有任何已驗證聯絡窗口，無法自動產生跟進草稿，需要人工先確認要找誰跟進。

[CRITICAL_STALE → thread 2855]
🔴 CRITICAL_STALE｜范博翔｜VIP貴賓接待服務員
卡在 INTERVIEW_REQUESTED 已 10 天，聯絡窗口缺失，需要人工先找到人再跟進
owner：behe10

[OWNER_DECISION_REQUIRED → thread 2855]
🙋 OWNER_DECISION_REQUIRED｜范博翔
客戶「私人招待所」在系統裡沒有任何已驗證聯絡窗口，無法自動產生跟進草稿，需要人工先確認要找誰跟進。

[09:30:31] 本輪：新增待辦 0 筆，發出通知 6 則
[CRITICAL_STALE → thread 2855]
🔴 CRITICAL_STALE｜張博州｜BIM工程師（派遣・大型建廠專案）
卡在 AWAITING_CLIENT_FEEDBACK 已 19 天，聯絡窗口缺失，需要人工先找到人再跟進
owner：同事

[OWNER_DECISION_REQUIRED → thread 2855]
🙋 OWNER_DECISION_REQUIRED｜張博州
客戶「律准科技、帆宣系統科技（同一批建廠需求的兩家用人單位）」在系統裡沒有任何已驗證聯絡窗口，無法自動產生跟進草稿，需要人工先確認要找誰跟進。

[CRITICAL_STALE → thread 2855]
🔴 CRITICAL_STALE｜呂皓宇｜BIM工程師（派遣・大型建廠專案）
卡在 AWAITING_CLIENT_FEEDBACK 已 19 天，聯絡窗口缺失，需要人工先找到人再跟進
owner：同事

[OWNER_DECISION_REQUIRED → thread 2855]
🙋 OWNER_DECISION_REQUIRED｜呂皓宇
客戶「律准科技、帆宣系統科技（同一批建廠需求的兩家用人單位）」在系統裡沒有任何已驗證聯絡窗口，無法自動產生跟進草稿，需要人工先確認要找誰跟進。

[CRITICAL_STALE → thread 2855]
🔴 CRITICAL_STALE｜范博翔｜VIP貴賓接待服務員
卡在 INTERVIEW_REQUESTED 已 11 天，聯絡窗口缺失，需要人工先找到人再跟進
owner：behe10

[OWNER_DECISION_REQUIRED → thread 2855]
🙋 OWNER_DECISION_REQUIRED｜范博翔
客戶「私人招待所」在系統裡沒有任何已驗證聯絡窗口，無法自動產生跟進草稿，需要人工先確認要找誰跟進。

[09:30:33] 本輪：新增待辦 0 筆，發出通知 6 則
[CRITICAL_STALE → thread 2855]
🔴 CRITICAL_STALE｜張博州｜BIM工程師（派遣・大型建廠專案）
卡在 AWAITING_CLIENT_FEEDBACK 已 20 天，聯絡窗口缺失，需要人工先找到人再跟進
owner：同事

[OWNER_DECISION_REQUIRED → thread 2855]
🙋 OWNER_DECISION_REQUIRED｜張博州
客戶「律准科技、帆宣系統科技（同一批建廠需求的兩家用人單位）」在系統裡沒有任何已驗證聯絡窗口，無法自動產生跟進草稿，需要人工先確認要找誰跟進。

[CRITICAL_STALE → thread 2855]
🔴 CRITICAL_STALE｜呂皓宇｜BIM工程師（派遣・大型建廠專案）
卡在 AWAITING_CLIENT_FEEDBACK 已 20 天，聯絡窗口缺失，需要人工先找到人再跟進
owner：同事

[OWNER_DECISION_REQUIRED → thread 2855]
🙋 OWNER_DECISION_REQUIRED｜呂皓宇
客戶「律准科技、帆宣系統科技（同一批建廠需求的兩家用人單位）」在系統裡沒有任何已驗證聯絡窗口，無法自動產生跟進草稿，需要人工先確認要找誰跟進。

[CRITICAL_STALE → thread 2855]
🔴 CRITICAL_STALE｜范博翔｜VIP貴賓接待服務員
卡在 INTERVIEW_REQUESTED 已 12 天，聯絡窗口缺失，需要人工先找到人再跟進
owner：behe10

[OWNER_DECISION_REQUIRED → thread 2855]
🙋 OWNER_DECISION_REQUIRED｜范博翔
客戶「私人招待所」在系統裡沒有任何已驗證聯絡窗口，無法自動產生跟進草稿，需要人工先確認要找誰跟進。

[09:30:44] 本輪：新增待辦 0 筆，發出通知 6 則
